// Vitest Snapshot v1, https://vitest.dev/guide/snapshot.html

exports[`CLI E2E > shows help and exits 0 1`] = `
"scalekit — Authstack for devs building AI agents, MCP servers and SaaS apps

USAGE
  $ scalekit [options] [command]

COMMANDS
  extension|ext  manage Scalekit extensions for coding tools
  setup          set up Scalekit auth stacks and skills for your coding agents
  update         update the Scalekit CLI itself

OPTIONS
  -V, --version          output the version number
  --plain                disable colors and styling (also respects NO_COLOR env)
  --json                 output machine-readable JSON
  -y, --non-interactive  skip all prompts, use defaults
  -h, --help             display help for command"
`;

exports[`CLI E2E > shows setup help 1`] = `
"scalekit setup — set up Scalekit auth stacks and skills for your coding agents

USAGE
  $ scalekit setup [options] [command] [stack]

COMMANDS
  extension|ext  shortcut → extension install <name>

OPTIONS
  -y, --yes      skip confirmation prompts
  --dry-run      show commands without executing
  --skip-skills  skip Scalekit skills (from Authstack)
  -h, --help     display help for command

Examples:
  $ scalekit setup              interactive setup wizard
  $ scalekit setup cursor       set up Cursor directly (alias for setup extension cursor)
  $ scalekit setup extension cc shortcut → extension install claude
  $ scalekit setup codex -y     skip confirmation
  $ scalekit setup --dry-run    preview commands without running them
  $ scalekit setup --skip-skills          stacks only (skip Scalekit skills)"
`;
